definitions = "definition.csv"
provinces = "provinces.png"
rivers = "rivers.png"
topology = "heightmap.heightmap"
continent = "continent.txt"
adjacencies = "adjacencies.csv"
island_region = "island_region.txt"
geographical_region = "geographical_region.txt"
seasons = "seasons.txt"

#############
# SEA ZONES
#############
sea_zones = RANGE { 1962 2285 }
sea_zones = RANGE { 2290 2296 }
sea_zones = RANGE { 2304 2324 }


#############
# IMPASSABLE SEAS
#############
impassable_seas = RANGE { 2326 2328 }


###############
# MAJOR RIVERS
###############
river_provinces = RANGE { 2286 2289 }		# Tanaeitic River
river_provinces = RANGE { 2297 2303 }		# Nahr al-Kais


########
# LAKES
########
lakes = LIST { 2862 2863 2864 3824}

#####################
# IMPASSABLE TERRAIN
#####################
impassable_mountains = RANGE { 2330 2581 }
impassable_mountains = RANGE { 2966 2968 }
impassable_mountains = RANGE { 4447 4452 }

############
# WASTELAND
############
impassable_mountains = LIST { 2329 }
impassable_mountains = LIST { 2325 }
